
> nexus-server@0.1.0 start:dev
> ts-node-dev --respawn --transpile-only src/main.ts

[INFO] 04:50:45 ts-node-dev ver. 2.0.0 (using ts-node ver. 10.9.2, typescript ver. 5.9.3)
DataSource initialized (type: sqlite )
[32m[Nest] 2535  - [39m01/09/2026, 4:50:45 AM [32m    LOG[39m [38;5;3m[NestFactory] [39m[32mStarting Nest application...[39m
[32m[Nest] 2535  - [39m01/09/2026, 4:50:45 AM [32m    LOG[39m [38;5;3m[InstanceLoader] [39m[32mAppModule dependencies initialized[39m[38;5;3m +10ms[39m
[32m[Nest] 2535  - [39m01/09/2026, 4:50:45 AM [32m    LOG[39m [38;5;3m[InstanceLoader] [39m[32mCatalogModule dependencies initialized[39m[38;5;3m +1ms[39m
[32m[Nest] 2535  - [39m01/09/2026, 4:50:45 AM [32m    LOG[39m [38;5;3m[InstanceLoader] [39m[32mEngagementModule dependencies initialized[39m[38;5;3m +0ms[39m
[32m[Nest] 2535  - [39m01/09/2026, 4:50:45 AM [32m    LOG[39m [38;5;3m[InstanceLoader] [39m[32mInventoryModule dependencies initialized[39m[38;5;3m +0ms[39m
Queue (BullMQ) not available — using immediate fallback: QueueScheduler is not a constructor
[32m[Nest] 2535  - [39m01/09/2026, 4:50:46 AM [32m    LOG[39m [38;5;3m[RoutesResolver] [39m[32mAppController {/}:[39m[38;5;3m +328ms[39m
[32m[Nest] 2535  - [39m01/09/2026, 4:50:46 AM [32m    LOG[39m [38;5;3m[RouterExplorer] [39m[32mMapped {/health, GET} route[39m[38;5;3m +38ms[39m
[32m[Nest] 2535  - [39m01/09/2026, 4:50:46 AM [32m    LOG[39m [38;5;3m[RouterExplorer] [39m[32mMapped {/api/hello, GET} route[39m[38;5;3m +0ms[39m
[32m[Nest] 2535  - [39m01/09/2026, 4:50:46 AM [32m    LOG[39m [38;5;3m[RoutesResolver] [39m[32mCatalogController {/api/catalog}:[39m[38;5;3m +1ms[39m
[32m[Nest] 2535  - [39m01/09/2026, 4:50:46 AM [32m    LOG[39m [38;5;3m[RouterExplorer] [39m[32mMapped {/api/catalog/categories, GET} route[39m[38;5;3m +0ms[39m
[32m[Nest] 2535  - [39m01/09/2026, 4:50:46 AM [32m    LOG[39m [38;5;3m[RouterExplorer] [39m[32mMapped {/api/catalog/categories/:id, GET} route[39m[38;5;3m +1ms[39m
[32m[Nest] 2535  - [39m01/09/2026, 4:50:46 AM [32m    LOG[39m [38;5;3m[RouterExplorer] [39m[32mMapped {/api/catalog/products, GET} route[39m[38;5;3m +0ms[39m
[32m[Nest] 2535  - [39m01/09/2026, 4:50:46 AM [32m    LOG[39m [38;5;3m[RoutesResolver] [39m[32mCatalogCompatController {/catalog}:[39m[38;5;3m +0ms[39m
[32m[Nest] 2535  - [39m01/09/2026, 4:50:46 AM [32m    LOG[39m [38;5;3m[RouterExplorer] [39m[32mMapped {/catalog/categories, GET} route[39m[38;5;3m +0ms[39m
[32m[Nest] 2535  - [39m01/09/2026, 4:50:46 AM [32m    LOG[39m [38;5;3m[RouterExplorer] [39m[32mMapped {/catalog/categories/:id, GET} route[39m[38;5;3m +0ms[39m
[32m[Nest] 2535  - [39m01/09/2026, 4:50:46 AM [32m    LOG[39m [38;5;3m[RouterExplorer] [39m[32mMapped {/catalog/products, GET} route[39m[38;5;3m +0ms[39m
[32m[Nest] 2535  - [39m01/09/2026, 4:50:46 AM [32m    LOG[39m [38;5;3m[RoutesResolver] [39m[32mEngagementController {/api/engagement}:[39m[38;5;3m +0ms[39m
[32m[Nest] 2535  - [39m01/09/2026, 4:50:46 AM [32m    LOG[39m [38;5;3m[RouterExplorer] [39m[32mMapped {/api/engagement/wishlist, POST} route[39m[38;5;3m +1ms[39m
[32m[Nest] 2535  - [39m01/09/2026, 4:50:46 AM [32m    LOG[39m [38;5;3m[RouterExplorer] [39m[32mMapped {/api/engagement/reaction, POST} route[39m[38;5;3m +0ms[39m
[32m[Nest] 2535  - [39m01/09/2026, 4:50:46 AM [32m    LOG[39m [38;5;3m[RouterExplorer] [39m[32mMapped {/api/engagement/comments, POST} route[39m[38;5;3m +0ms[39m
[32m[Nest] 2535  - [39m01/09/2026, 4:50:46 AM [32m    LOG[39m [38;5;3m[RouterExplorer] [39m[32mMapped {/api/engagement/comments, GET} route[39m[38;5;3m +1ms[39m
[32m[Nest] 2535  - [39m01/09/2026, 4:50:46 AM [32m    LOG[39m [38;5;3m[RouterExplorer] [39m[32mMapped {/api/engagement/stock-requests, GET} route[39m[38;5;3m +0ms[39m
[32m[Nest] 2535  - [39m01/09/2026, 4:50:46 AM [32m    LOG[39m [38;5;3m[RouterExplorer] [39m[32mMapped {/api/engagement/stock-requests, POST} route[39m[38;5;3m +0ms[39m
[32m[Nest] 2535  - [39m01/09/2026, 4:50:46 AM [32m    LOG[39m [38;5;3m[RoutesResolver] [39m[32mInventoryController {/api/inventory}:[39m[38;5;3m +0ms[39m
[32m[Nest] 2535  - [39m01/09/2026, 4:50:46 AM [32m    LOG[39m [38;5;3m[RouterExplorer] [39m[32mMapped {/api/inventory/update-stock, POST} route[39m[38;5;3m +0ms[39m
[32m[Nest] 2535  - [39m01/09/2026, 4:50:46 AM [32m    LOG[39m [38;5;3m[RoutesResolver] [39m[32mInventoryCompatController {/inventory}:[39m[38;5;3m +0ms[39m
[32m[Nest] 2535  - [39m01/09/2026, 4:50:46 AM [32m    LOG[39m [38;5;3m[RouterExplorer] [39m[32mMapped {/inventory/stock/:id, GET} route[39m[38;5;3m +0ms[39m
[32m[Nest] 2535  - [39m01/09/2026, 4:50:46 AM [32m    LOG[39m [38;5;3m[RouterExplorer] [39m[32mMapped {/inventory/reserve, POST} route[39m[38;5;3m +0ms[39m
[32m[Nest] 2535  - [39m01/09/2026, 4:50:46 AM [32m    LOG[39m [38;5;3m[NestApplication] [39m[32mNest application successfully started[39m[38;5;3m +1ms[39m
Nexus server listening on port 4000
[INFO] 04:59:29 Restarting: /Users/niloy/programming/ecommerce/server/src/catalog/catalog.compat.controller.ts has been modified
DataSource initialized (type: sqlite )
[32m[Nest] 5133  - [39m01/09/2026, 4:59:29 AM [32m    LOG[39m [38;5;3m[NestFactory] [39m[32mStarting Nest application...[39m
[32m[Nest] 5133  - [39m01/09/2026, 4:59:29 AM [32m    LOG[39m [38;5;3m[InstanceLoader] [39m[32mAppModule dependencies initialized[39m[38;5;3m +4ms[39m
[32m[Nest] 5133  - [39m01/09/2026, 4:59:29 AM [32m    LOG[39m [38;5;3m[InstanceLoader] [39m[32mCatalogModule dependencies initialized[39m[38;5;3m +0ms[39m
[32m[Nest] 5133  - [39m01/09/2026, 4:59:29 AM [32m    LOG[39m [38;5;3m[InstanceLoader] [39m[32mEngagementModule dependencies initialized[39m[38;5;3m +0ms[39m
[32m[Nest] 5133  - [39m01/09/2026, 4:59:29 AM [32m    LOG[39m [38;5;3m[InstanceLoader] [39m[32mInventoryModule dependencies initialized[39m[38;5;3m +0ms[39m
Queue (BullMQ) not available — using immediate fallback: QueueScheduler is not a constructor
[32m[Nest] 5133  - [39m01/09/2026, 4:59:30 AM [32m    LOG[39m [38;5;3m[RoutesResolver] [39m[32mAppController {/}:[39m[38;5;3m +127ms[39m
[32m[Nest] 5133  - [39m01/09/2026, 4:59:30 AM [32m    LOG[39m [38;5;3m[RouterExplorer] [39m[32mMapped {/health, GET} route[39m[38;5;3m +1ms[39m
[32m[Nest] 5133  - [39m01/09/2026, 4:59:30 AM [32m    LOG[39m [38;5;3m[RouterExplorer] [39m[32mMapped {/api/hello, GET} route[39m[38;5;3m +1ms[39m
[32m[Nest] 5133  - [39m01/09/2026, 4:59:30 AM [32m    LOG[39m [38;5;3m[RoutesResolver] [39m[32mCatalogController {/api/catalog}:[39m[38;5;3m +0ms[39m
[32m[Nest] 5133  - [39m01/09/2026, 4:59:30 AM [32m    LOG[39m [38;5;3m[RouterExplorer] [39m[32mMapped {/api/catalog/categories, GET} route[39m[38;5;3m +0ms[39m
[32m[Nest] 5133  - [39m01/09/2026, 4:59:30 AM [32m    LOG[39m [38;5;3m[RouterExplorer] [39m[32mMapped {/api/catalog/categories/:id, GET} route[39m[38;5;3m +0ms[39m
[32m[Nest] 5133  - [39m01/09/2026, 4:59:30 AM [32m    LOG[39m [38;5;3m[RouterExplorer] [39m[32mMapped {/api/catalog/products, GET} route[39m[38;5;3m +0ms[39m
[32m[Nest] 5133  - [39m01/09/2026, 4:59:30 AM [32m    LOG[39m [38;5;3m[RoutesResolver] [39m[32mCatalogCompatController {/catalog}:[39m[38;5;3m +0ms[39m
[32m[Nest] 5133  - [39m01/09/2026, 4:59:30 AM [32m    LOG[39m [38;5;3m[RouterExplorer] [39m[32mMapped {/catalog/categories, GET} route[39m[38;5;3m +0ms[39m
[32m[Nest] 5133  - [39m01/09/2026, 4:59:30 AM [32m    LOG[39m [38;5;3m[RouterExplorer] [39m[32mMapped {/catalog/categories/:id, GET} route[39m[38;5;3m +0ms[39m
[32m[Nest] 5133  - [39m01/09/2026, 4:59:30 AM [32m    LOG[39m [38;5;3m[RouterExplorer] [39m[32mMapped {/catalog/products, GET} route[39m[38;5;3m +0ms[39m
[32m[Nest] 5133  - [39m01/09/2026, 4:59:30 AM [32m    LOG[39m [38;5;3m[RoutesResolver] [39m[32mEngagementController {/api/engagement}:[39m[38;5;3m +0ms[39m
[32m[Nest] 5133  - [39m01/09/2026, 4:59:30 AM [32m    LOG[39m [38;5;3m[RouterExplorer] [39m[32mMapped {/api/engagement/wishlist, POST} route[39m[38;5;3m +1ms[39m
[32m[Nest] 5133  - [39m01/09/2026, 4:59:30 AM [32m    LOG[39m [38;5;3m[RouterExplorer] [39m[32mMapped {/api/engagement/reaction, POST} route[39m[38;5;3m +0ms[39m
[32m[Nest] 5133  - [39m01/09/2026, 4:59:30 AM [32m    LOG[39m [38;5;3m[RouterExplorer] [39m[32mMapped {/api/engagement/comments, POST} route[39m[38;5;3m +0ms[39m
[32m[Nest] 5133  - [39m01/09/2026, 4:59:30 AM [32m    LOG[39m [38;5;3m[RouterExplorer] [39m[32mMapped {/api/engagement/comments, GET} route[39m[38;5;3m +0ms[39m
[32m[Nest] 5133  - [39m01/09/2026, 4:59:30 AM [32m    LOG[39m [38;5;3m[RouterExplorer] [39m[32mMapped {/api/engagement/stock-requests, GET} route[39m[38;5;3m +0ms[39m
[32m[Nest] 5133  - [39m01/09/2026, 4:59:30 AM [32m    LOG[39m [38;5;3m[RouterExplorer] [39m[32mMapped {/api/engagement/stock-requests, POST} route[39m[38;5;3m +0ms[39m
[32m[Nest] 5133  - [39m01/09/2026, 4:59:30 AM [32m    LOG[39m [38;5;3m[RoutesResolver] [39m[32mInventoryController {/api/inventory}:[39m[38;5;3m +0ms[39m
[32m[Nest] 5133  - [39m01/09/2026, 4:59:30 AM [32m    LOG[39m [38;5;3m[RouterExplorer] [39m[32mMapped {/api/inventory/update-stock, POST} route[39m[38;5;3m +0ms[39m
[32m[Nest] 5133  - [39m01/09/2026, 4:59:30 AM [32m    LOG[39m [38;5;3m[RoutesResolver] [39m[32mInventoryCompatController {/inventory}:[39m[38;5;3m +0ms[39m
[32m[Nest] 5133  - [39m01/09/2026, 4:59:30 AM [32m    LOG[39m [38;5;3m[RouterExplorer] [39m[32mMapped {/inventory/stock/:id, GET} route[39m[38;5;3m +0ms[39m
[32m[Nest] 5133  - [39m01/09/2026, 4:59:30 AM [32m    LOG[39m [38;5;3m[RouterExplorer] [39m[32mMapped {/inventory/reserve, POST} route[39m[38;5;3m +0ms[39m
[32m[Nest] 5133  - [39m01/09/2026, 4:59:30 AM [32m    LOG[39m [38;5;3m[NestApplication] [39m[32mNest application successfully started[39m[38;5;3m +1ms[39m
Nexus server listening on port 4000
[INFO] 04:59:42 Restarting: /Users/niloy/programming/ecommerce/server/src/catalog/catalog.service.ts has been modified
DataSource initialized (type: sqlite )
[32m[Nest] 5196  - [39m01/09/2026, 4:59:42 AM [32m    LOG[39m [38;5;3m[NestFactory] [39m[32mStarting Nest application...[39m
[32m[Nest] 5196  - [39m01/09/2026, 4:59:42 AM [32m    LOG[39m [38;5;3m[InstanceLoader] [39m[32mAppModule dependencies initialized[39m[38;5;3m +6ms[39m
[32m[Nest] 5196  - [39m01/09/2026, 4:59:42 AM [32m    LOG[39m [38;5;3m[InstanceLoader] [39m[32mCatalogModule dependencies initialized[39m[38;5;3m +0ms[39m
[32m[Nest] 5196  - [39m01/09/2026, 4:59:42 AM [32m    LOG[39m [38;5;3m[InstanceLoader] [39m[32mEngagementModule dependencies initialized[39m[38;5;3m +0ms[39m
[32m[Nest] 5196  - [39m01/09/2026, 4:59:42 AM [32m    LOG[39m [38;5;3m[InstanceLoader] [39m[32mInventoryModule dependencies initialized[39m[38;5;3m +0ms[39m
Queue (BullMQ) not available — using immediate fallback: QueueScheduler is not a constructor
[32m[Nest] 5196  - [39m01/09/2026, 4:59:42 AM [32m    LOG[39m [38;5;3m[RoutesResolver] [39m[32mAppController {/}:[39m[38;5;3m +123ms[39m
[32m[Nest] 5196  - [39m01/09/2026, 4:59:42 AM [32m    LOG[39m [38;5;3m[RouterExplorer] [39m[32mMapped {/health, GET} route[39m[38;5;3m +1ms[39m
[32m[Nest] 5196  - [39m01/09/2026, 4:59:42 AM [32m    LOG[39m [38;5;3m[RouterExplorer] [39m[32mMapped {/api/hello, GET} route[39m[38;5;3m +0ms[39m
[32m[Nest] 5196  - [39m01/09/2026, 4:59:42 AM [32m    LOG[39m [38;5;3m[RoutesResolver] [39m[32mCatalogController {/api/catalog}:[39m[38;5;3m +0ms[39m
[32m[Nest] 5196  - [39m01/09/2026, 4:59:42 AM [32m    LOG[39m [38;5;3m[RouterExplorer] [39m[32mMapped {/api/catalog/categories, GET} route[39m[38;5;3m +0ms[39m
[32m[Nest] 5196  - [39m01/09/2026, 4:59:42 AM [32m    LOG[39m [38;5;3m[RouterExplorer] [39m[32mMapped {/api/catalog/categories/:id, GET} route[39m[38;5;3m +0ms[39m
[32m[Nest] 5196  - [39m01/09/2026, 4:59:42 AM [32m    LOG[39m [38;5;3m[RouterExplorer] [39m[32mMapped {/api/catalog/products, GET} route[39m[38;5;3m +1ms[39m
[32m[Nest] 5196  - [39m01/09/2026, 4:59:42 AM [32m    LOG[39m [38;5;3m[RoutesResolver] [39m[32mCatalogCompatController {/catalog}:[39m[38;5;3m +0ms[39m
[32m[Nest] 5196  - [39m01/09/2026, 4:59:42 AM [32m    LOG[39m [38;5;3m[RouterExplorer] [39m[32mMapped {/catalog/categories, GET} route[39m[38;5;3m +0ms[39m
[32m[Nest] 5196  - [39m01/09/2026, 4:59:42 AM [32m    LOG[39m [38;5;3m[RouterExplorer] [39m[32mMapped {/catalog/categories/:id, GET} route[39m[38;5;3m +0ms[39m
[32m[Nest] 5196  - [39m01/09/2026, 4:59:42 AM [32m    LOG[39m [38;5;3m[RouterExplorer] [39m[32mMapped {/catalog/products, GET} route[39m[38;5;3m +0ms[39m
[32m[Nest] 5196  - [39m01/09/2026, 4:59:42 AM [32m    LOG[39m [38;5;3m[RoutesResolver] [39m[32mEngagementController {/api/engagement}:[39m[38;5;3m +0ms[39m
[32m[Nest] 5196  - [39m01/09/2026, 4:59:42 AM [32m    LOG[39m [38;5;3m[RouterExplorer] [39m[32mMapped {/api/engagement/wishlist, POST} route[39m[38;5;3m +0ms[39m
[32m[Nest] 5196  - [39m01/09/2026, 4:59:42 AM [32m    LOG[39m [38;5;3m[RouterExplorer] [39m[32mMapped {/api/engagement/reaction, POST} route[39m[38;5;3m +0ms[39m
[32m[Nest] 5196  - [39m01/09/2026, 4:59:42 AM [32m    LOG[39m [38;5;3m[RouterExplorer] [39m[32mMapped {/api/engagement/comments, POST} route[39m[38;5;3m +0ms[39m
[32m[Nest] 5196  - [39m01/09/2026, 4:59:42 AM [32m    LOG[39m [38;5;3m[RouterExplorer] [39m[32mMapped {/api/engagement/comments, GET} route[39m[38;5;3m +0ms[39m
[32m[Nest] 5196  - [39m01/09/2026, 4:59:42 AM [32m    LOG[39m [38;5;3m[RouterExplorer] [39m[32mMapped {/api/engagement/stock-requests, GET} route[39m[38;5;3m +0ms[39m
[32m[Nest] 5196  - [39m01/09/2026, 4:59:42 AM [32m    LOG[39m [38;5;3m[RouterExplorer] [39m[32mMapped {/api/engagement/stock-requests, POST} route[39m[38;5;3m +0ms[39m
[32m[Nest] 5196  - [39m01/09/2026, 4:59:42 AM [32m    LOG[39m [38;5;3m[RoutesResolver] [39m[32mInventoryController {/api/inventory}:[39m[38;5;3m +0ms[39m
[32m[Nest] 5196  - [39m01/09/2026, 4:59:42 AM [32m    LOG[39m [38;5;3m[RouterExplorer] [39m[32mMapped {/api/inventory/update-stock, POST} route[39m[38;5;3m +0ms[39m
[32m[Nest] 5196  - [39m01/09/2026, 4:59:42 AM [32m    LOG[39m [38;5;3m[RoutesResolver] [39m[32mInventoryCompatController {/inventory}:[39m[38;5;3m +0ms[39m
[32m[Nest] 5196  - [39m01/09/2026, 4:59:42 AM [32m    LOG[39m [38;5;3m[RouterExplorer] [39m[32mMapped {/inventory/stock/:id, GET} route[39m[38;5;3m +1ms[39m
[32m[Nest] 5196  - [39m01/09/2026, 4:59:42 AM [32m    LOG[39m [38;5;3m[RouterExplorer] [39m[32mMapped {/inventory/reserve, POST} route[39m[38;5;3m +0ms[39m
[32m[Nest] 5196  - [39m01/09/2026, 4:59:42 AM [32m    LOG[39m [38;5;3m[NestApplication] [39m[32mNest application successfully started[39m[38;5;3m +1ms[39m
Nexus server listening on port 4000
[INFO] 05:00:13 Restarting: /Users/niloy/programming/ecommerce/server/src/catalog/catalog.service.ts has been modified
DataSource initialized (type: sqlite )
[32m[Nest] 5744  - [39m01/09/2026, 5:00:14 AM [32m    LOG[39m [38;5;3m[NestFactory] [39m[32mStarting Nest application...[39m
[32m[Nest] 5744  - [39m01/09/2026, 5:00:14 AM [32m    LOG[39m [38;5;3m[InstanceLoader] [39m[32mAppModule dependencies initialized[39m[38;5;3m +4ms[39m
[32m[Nest] 5744  - [39m01/09/2026, 5:00:14 AM [32m    LOG[39m [38;5;3m[InstanceLoader] [39m[32mCatalogModule dependencies initialized[39m[38;5;3m +0ms[39m
[32m[Nest] 5744  - [39m01/09/2026, 5:00:14 AM [32m    LOG[39m [38;5;3m[InstanceLoader] [39m[32mEngagementModule dependencies initialized[39m[38;5;3m +0ms[39m
[32m[Nest] 5744  - [39m01/09/2026, 5:00:14 AM [32m    LOG[39m [38;5;3m[InstanceLoader] [39m[32mInventoryModule dependencies initialized[39m[38;5;3m +0ms[39m
Queue (BullMQ) not available — using immediate fallback: QueueScheduler is not a constructor
[32m[Nest] 5744  - [39m01/09/2026, 5:00:14 AM [32m    LOG[39m [38;5;3m[RoutesResolver] [39m[32mAppController {/}:[39m[38;5;3m +118ms[39m
[32m[Nest] 5744  - [39m01/09/2026, 5:00:14 AM [32m    LOG[39m [38;5;3m[RouterExplorer] [39m[32mMapped {/health, GET} route[39m[38;5;3m +1ms[39m
[32m[Nest] 5744  - [39m01/09/2026, 5:00:14 AM [32m    LOG[39m [38;5;3m[RouterExplorer] [39m[32mMapped {/api/hello, GET} route[39m[38;5;3m +0ms[39m
[32m[Nest] 5744  - [39m01/09/2026, 5:00:14 AM [32m    LOG[39m [38;5;3m[RoutesResolver] [39m[32mCatalogController {/api/catalog}:[39m[38;5;3m +1ms[39m
[32m[Nest] 5744  - [39m01/09/2026, 5:00:14 AM [32m    LOG[39m [38;5;3m[RouterExplorer] [39m[32mMapped {/api/catalog/categories, GET} route[39m[38;5;3m +0ms[39m
[32m[Nest] 5744  - [39m01/09/2026, 5:00:14 AM [32m    LOG[39m [38;5;3m[RouterExplorer] [39m[32mMapped {/api/catalog/categories/:id, GET} route[39m[38;5;3m +0ms[39m
[32m[Nest] 5744  - [39m01/09/2026, 5:00:14 AM [32m    LOG[39m [38;5;3m[RouterExplorer] [39m[32mMapped {/api/catalog/products, GET} route[39m[38;5;3m +0ms[39m
[32m[Nest] 5744  - [39m01/09/2026, 5:00:14 AM [32m    LOG[39m [38;5;3m[RoutesResolver] [39m[32mCatalogCompatController {/catalog}:[39m[38;5;3m +0ms[39m
[32m[Nest] 5744  - [39m01/09/2026, 5:00:14 AM [32m    LOG[39m [38;5;3m[RouterExplorer] [39m[32mMapped {/catalog/categories, GET} route[39m[38;5;3m +0ms[39m
[32m[Nest] 5744  - [39m01/09/2026, 5:00:14 AM [32m    LOG[39m [38;5;3m[RouterExplorer] [39m[32mMapped {/catalog/categories/:id, GET} route[39m[38;5;3m +0ms[39m
[32m[Nest] 5744  - [39m01/09/2026, 5:00:14 AM [32m    LOG[39m [38;5;3m[RouterExplorer] [39m[32mMapped {/catalog/products, GET} route[39m[38;5;3m +0ms[39m
[32m[Nest] 5744  - [39m01/09/2026, 5:00:14 AM [32m    LOG[39m [38;5;3m[RoutesResolver] [39m[32mEngagementController {/api/engagement}:[39m[38;5;3m +0ms[39m
[32m[Nest] 5744  - [39m01/09/2026, 5:00:14 AM [32m    LOG[39m [38;5;3m[RouterExplorer] [39m[32mMapped {/api/engagement/wishlist, POST} route[39m[38;5;3m +0ms[39m
[32m[Nest] 5744  - [39m01/09/2026, 5:00:14 AM [32m    LOG[39m [38;5;3m[RouterExplorer] [39m[32mMapped {/api/engagement/reaction, POST} route[39m[38;5;3m +1ms[39m
[32m[Nest] 5744  - [39m01/09/2026, 5:00:14 AM [32m    LOG[39m [38;5;3m[RouterExplorer] [39m[32mMapped {/api/engagement/comments, POST} route[39m[38;5;3m +0ms[39m
[32m[Nest] 5744  - [39m01/09/2026, 5:00:14 AM [32m    LOG[39m [38;5;3m[RouterExplorer] [39m[32mMapped {/api/engagement/comments, GET} route[39m[38;5;3m +0ms[39m
[32m[Nest] 5744  - [39m01/09/2026, 5:00:14 AM [32m    LOG[39m [38;5;3m[RouterExplorer] [39m[32mMapped {/api/engagement/stock-requests, GET} route[39m[38;5;3m +0ms[39m
[32m[Nest] 5744  - [39m01/09/2026, 5:00:14 AM [32m    LOG[39m [38;5;3m[RouterExplorer] [39m[32mMapped {/api/engagement/stock-requests, POST} route[39m[38;5;3m +0ms[39m
[32m[Nest] 5744  - [39m01/09/2026, 5:00:14 AM [32m    LOG[39m [38;5;3m[RoutesResolver] [39m[32mInventoryController {/api/inventory}:[39m[38;5;3m +0ms[39m
[32m[Nest] 5744  - [39m01/09/2026, 5:00:14 AM [32m    LOG[39m [38;5;3m[RouterExplorer] [39m[32mMapped {/api/inventory/update-stock, POST} route[39m[38;5;3m +0ms[39m
[32m[Nest] 5744  - [39m01/09/2026, 5:00:14 AM [32m    LOG[39m [38;5;3m[RoutesResolver] [39m[32mInventoryCompatController {/inventory}:[39m[38;5;3m +0ms[39m
[32m[Nest] 5744  - [39m01/09/2026, 5:00:14 AM [32m    LOG[39m [38;5;3m[RouterExplorer] [39m[32mMapped {/inventory/stock/:id, GET} route[39m[38;5;3m +0ms[39m
[32m[Nest] 5744  - [39m01/09/2026, 5:00:14 AM [32m    LOG[39m [38;5;3m[RouterExplorer] [39m[32mMapped {/inventory/reserve, POST} route[39m[38;5;3m +0ms[39m
[32m[Nest] 5744  - [39m01/09/2026, 5:00:14 AM [32m    LOG[39m [38;5;3m[NestApplication] [39m[32mNest application successfully started[39m[38;5;3m +1ms[39m
Nexus server listening on port 4000
[INFO] 05:00:26 Restarting: /Users/niloy/programming/ecommerce/server/src/catalog/catalog.service.ts has been modified
DataSource initialized (type: sqlite )
[32m[Nest] 5942  - [39m01/09/2026, 5:00:27 AM [32m    LOG[39m [38;5;3m[NestFactory] [39m[32mStarting Nest application...[39m
[32m[Nest] 5942  - [39m01/09/2026, 5:00:27 AM [32m    LOG[39m [38;5;3m[InstanceLoader] [39m[32mAppModule dependencies initialized[39m[38;5;3m +4ms[39m
[32m[Nest] 5942  - [39m01/09/2026, 5:00:27 AM [32m    LOG[39m [38;5;3m[InstanceLoader] [39m[32mCatalogModule dependencies initialized[39m[38;5;3m +0ms[39m
[32m[Nest] 5942  - [39m01/09/2026, 5:00:27 AM [32m    LOG[39m [38;5;3m[InstanceLoader] [39m[32mEngagementModule dependencies initialized[39m[38;5;3m +0ms[39m
[32m[Nest] 5942  - [39m01/09/2026, 5:00:27 AM [32m    LOG[39m [38;5;3m[InstanceLoader] [39m[32mInventoryModule dependencies initialized[39m[38;5;3m +0ms[39m
Queue (BullMQ) not available — using immediate fallback: QueueScheduler is not a constructor
[32m[Nest] 5942  - [39m01/09/2026, 5:00:27 AM [32m    LOG[39m [38;5;3m[RoutesResolver] [39m[32mAppController {/}:[39m[38;5;3m +109ms[39m
[32m[Nest] 5942  - [39m01/09/2026, 5:00:27 AM [32m    LOG[39m [38;5;3m[RouterExplorer] [39m[32mMapped {/health, GET} route[39m[38;5;3m +1ms[39m
[32m[Nest] 5942  - [39m01/09/2026, 5:00:27 AM [32m    LOG[39m [38;5;3m[RouterExplorer] [39m[32mMapped {/api/hello, GET} route[39m[38;5;3m +0ms[39m
[32m[Nest] 5942  - [39m01/09/2026, 5:00:27 AM [32m    LOG[39m [38;5;3m[RoutesResolver] [39m[32mCatalogController {/api/catalog}:[39m[38;5;3m +0ms[39m
[32m[Nest] 5942  - [39m01/09/2026, 5:00:27 AM [32m    LOG[39m [38;5;3m[RouterExplorer] [39m[32mMapped {/api/catalog/categories, GET} route[39m[38;5;3m +0ms[39m
[32m[Nest] 5942  - [39m01/09/2026, 5:00:27 AM [32m    LOG[39m [38;5;3m[RouterExplorer] [39m[32mMapped {/api/catalog/categories/:id, GET} route[39m[38;5;3m +0ms[39m
[32m[Nest] 5942  - [39m01/09/2026, 5:00:27 AM [32m    LOG[39m [38;5;3m[RouterExplorer] [39m[32mMapped {/api/catalog/products, GET} route[39m[38;5;3m +0ms[39m
[32m[Nest] 5942  - [39m01/09/2026, 5:00:27 AM [32m    LOG[39m [38;5;3m[RoutesResolver] [39m[32mCatalogCompatController {/catalog}:[39m[38;5;3m +0ms[39m
[32m[Nest] 5942  - [39m01/09/2026, 5:00:27 AM [32m    LOG[39m [38;5;3m[RouterExplorer] [39m[32mMapped {/catalog/categories, GET} route[39m[38;5;3m +0ms[39m
[32m[Nest] 5942  - [39m01/09/2026, 5:00:27 AM [32m    LOG[39m [38;5;3m[RouterExplorer] [39m[32mMapped {/catalog/categories/:id, GET} route[39m[38;5;3m +1ms[39m
[32m[Nest] 5942  - [39m01/09/2026, 5:00:27 AM [32m    LOG[39m [38;5;3m[RouterExplorer] [39m[32mMapped {/catalog/products, GET} route[39m[38;5;3m +0ms[39m
[32m[Nest] 5942  - [39m01/09/2026, 5:00:27 AM [32m    LOG[39m [38;5;3m[RoutesResolver] [39m[32mEngagementController {/api/engagement}:[39m[38;5;3m +0ms[39m
[32m[Nest] 5942  - [39m01/09/2026, 5:00:27 AM [32m    LOG[39m [38;5;3m[RouterExplorer] [39m[32mMapped {/api/engagement/wishlist, POST} route[39m[38;5;3m +0ms[39m
[32m[Nest] 5942  - [39m01/09/2026, 5:00:27 AM [32m    LOG[39m [38;5;3m[RouterExplorer] [39m[32mMapped {/api/engagement/reaction, POST} route[39m[38;5;3m +0ms[39m
[32m[Nest] 5942  - [39m01/09/2026, 5:00:27 AM [32m    LOG[39m [38;5;3m[RouterExplorer] [39m[32mMapped {/api/engagement/comments, POST} route[39m[38;5;3m +0ms[39m
[32m[Nest] 5942  - [39m01/09/2026, 5:00:27 AM [32m    LOG[39m [38;5;3m[RouterExplorer] [39m[32mMapped {/api/engagement/comments, GET} route[39m[38;5;3m +0ms[39m
[32m[Nest] 5942  - [39m01/09/2026, 5:00:27 AM [32m    LOG[39m [38;5;3m[RouterExplorer] [39m[32mMapped {/api/engagement/stock-requests, GET} route[39m[38;5;3m +0ms[39m
[32m[Nest] 5942  - [39m01/09/2026, 5:00:27 AM [32m    LOG[39m [38;5;3m[RouterExplorer] [39m[32mMapped {/api/engagement/stock-requests, POST} route[39m[38;5;3m +0ms[39m
[32m[Nest] 5942  - [39m01/09/2026, 5:00:27 AM [32m    LOG[39m [38;5;3m[RoutesResolver] [39m[32mInventoryController {/api/inventory}:[39m[38;5;3m +0ms[39m
[32m[Nest] 5942  - [39m01/09/2026, 5:00:27 AM [32m    LOG[39m [38;5;3m[RouterExplorer] [39m[32mMapped {/api/inventory/update-stock, POST} route[39m[38;5;3m +0ms[39m
[32m[Nest] 5942  - [39m01/09/2026, 5:00:27 AM [32m    LOG[39m [38;5;3m[RoutesResolver] [39m[32mInventoryCompatController {/inventory}:[39m[38;5;3m +0ms[39m
[32m[Nest] 5942  - [39m01/09/2026, 5:00:27 AM [32m    LOG[39m [38;5;3m[RouterExplorer] [39m[32mMapped {/inventory/stock/:id, GET} route[39m[38;5;3m +0ms[39m
[32m[Nest] 5942  - [39m01/09/2026, 5:00:27 AM [32m    LOG[39m [38;5;3m[RouterExplorer] [39m[32mMapped {/inventory/reserve, POST} route[39m[38;5;3m +0ms[39m
[32m[Nest] 5942  - [39m01/09/2026, 5:00:27 AM [32m    LOG[39m [38;5;3m[NestApplication] [39m[32mNest application successfully started[39m[38;5;3m +1ms[39m
Nexus server listening on port 4000
